// Jest Snapshot v1, https://goo.gl/fbAQLP

exports[`<ProductCard /> Should increment the count 1`] = `
<div
  className="productCard "
>
  <h1>
    Product Card
  </h1>
  <span>
    0
  </span>
  <button
    onClick={[Function]}
  >
    Increase
  </button>
</div>
`;

exports[`<ProductCard /> Should render correctly 1`] = `
<div
  className="productCard "
>
  <span
    className="productDescription "
  >
    Custom Product
  </span>
</div>
`;
